{
    "user_name": "techarm",
    "passward": "test"
  }