{
  "user_name": "techarm",
  "password": "test"
}
